Archive member included to satisfy reference by file (symbol)

c:/st/stm32cubeide_1.11.0/stm32cubeide/plugins/com.st.stm32cube.ide.mcu.externaltools.gnu-tools-for-stm32.10.3-2021.10.win32_1.0.100.202210260954/tools/bin/../lib/gcc/arm-none-eabi/10.3.1/../../../../arm-none-eabi/lib/thumb/v7e-m+fp/hard\libc_nano.a(lib_a-errno.o)
                              ./Src/syscalls.o (__errno)
c:/st/stm32cubeide_1.11.0/stm32cubeide/plugins/com.st.stm32cube.ide.mcu.externaltools.gnu-tools-for-stm32.10.3-2021.10.win32_1.0.100.202210260954/tools/bin/../lib/gcc/arm-none-eabi/10.3.1/../../../../arm-none-eabi/lib/thumb/v7e-m+fp/hard\libc_nano.a(lib_a-exit.o)
                              c:/st/stm32cubeide_1.11.0/stm32cubeide/plugins/com.st.stm32cube.ide.mcu.externaltools.gnu-tools-for-stm32.10.3-2021.10.win32_1.0.100.202210260954/tools/bin/../lib/gcc/arm-none-eabi/10.3.1/../../../../arm-none-eabi/lib/thumb/v7e-m+fp/hard/crt0.o (exit)
c:/st/stm32cubeide_1.11.0/stm32cubeide/plugins/com.st.stm32cube.ide.mcu.externaltools.gnu-tools-for-stm32.10.3-2021.10.win32_1.0.100.202210260954/tools/bin/../lib/gcc/arm-none-eabi/10.3.1/../../../../arm-none-eabi/lib/thumb/v7e-m+fp/hard\libc_nano.a(lib_a-impure.o)
                              c:/st/stm32cubeide_1.11.0/stm32cubeide/plugins/com.st.stm32cube.ide.mcu.externaltools.gnu-tools-for-stm32.10.3-2021.10.win32_1.0.100.202210260954/tools/bin/../lib/gcc/arm-none-eabi/10.3.1/../../../../arm-none-eabi/lib/thumb/v7e-m+fp/hard\libc_nano.a(lib_a-exit.o) (_global_impure_ptr)
c:/st/stm32cubeide_1.11.0/stm32cubeide/plugins/com.st.stm32cube.ide.mcu.externaltools.gnu-tools-for-stm32.10.3-2021.10.win32_1.0.100.202210260954/tools/bin/../lib/gcc/arm-none-eabi/10.3.1/../../../../arm-none-eabi/lib/thumb/v7e-m+fp/hard\libc_nano.a(lib_a-init.o)
                              c:/st/stm32cubeide_1.11.0/stm32cubeide/plugins/com.st.stm32cube.ide.mcu.externaltools.gnu-tools-for-stm32.10.3-2021.10.win32_1.0.100.202210260954/tools/bin/../lib/gcc/arm-none-eabi/10.3.1/../../../../arm-none-eabi/lib/thumb/v7e-m+fp/hard/crt0.o (__libc_init_array)
c:/st/stm32cubeide_1.11.0/stm32cubeide/plugins/com.st.stm32cube.ide.mcu.externaltools.gnu-tools-for-stm32.10.3-2021.10.win32_1.0.100.202210260954/tools/bin/../lib/gcc/arm-none-eabi/10.3.1/../../../../arm-none-eabi/lib/thumb/v7e-m+fp/hard\libc_nano.a(lib_a-memset.o)
                              c:/st/stm32cubeide_1.11.0/stm32cubeide/plugins/com.st.stm32cube.ide.mcu.externaltools.gnu-tools-for-stm32.10.3-2021.10.win32_1.0.100.202210260954/tools/bin/../lib/gcc/arm-none-eabi/10.3.1/../../../../arm-none-eabi/lib/thumb/v7e-m+fp/hard/crt0.o (memset)

Discarded input sections

 .text          0x0000000000000000        0x0 c:/st/stm32cubeide_1.11.0/stm32cubeide/plugins/com.st.stm32cube.ide.mcu.externaltools.gnu-tools-for-stm32.10.3-2021.10.win32_1.0.100.202210260954/tools/bin/../lib/gcc/arm-none-eabi/10.3.1/thumb/v7e-m+fp/hard/crti.o
 .data          0x0000000000000000        0x0 c:/st/stm32cubeide_1.11.0/stm32cubeide/plugins/com.st.stm32cube.ide.mcu.externaltools.gnu-tools-for-stm32.10.3-2021.10.win32_1.0.100.202210260954/tools/bin/../lib/gcc/arm-none-eabi/10.3.1/thumb/v7e-m+fp/hard/crti.o
 .bss           0x0000000000000000        0x0 c:/st/stm32cubeide_1.11.0/stm32cubeide/plugins/com.st.stm32cube.ide.mcu.externaltools.gnu-tools-for-stm32.10.3-2021.10.win32_1.0.100.202210260954/tools/bin/../lib/gcc/arm-none-eabi/10.3.1/thumb/v7e-m+fp/hard/crti.o
 .data          0x0000000000000000        0x4 c:/st/stm32cubeide_1.11.0/stm32cubeide/plugins/com.st.stm32cube.ide.mcu.externaltools.gnu-tools-for-stm32.10.3-2021.10.win32_1.0.100.202210260954/tools/bin/../lib/gcc/arm-none-eabi/10.3.1/thumb/v7e-m+fp/hard/crtbegin.o
 .rodata        0x0000000000000000       0x24 c:/st/stm32cubeide_1.11.0/stm32cubeide/plugins/com.st.stm32cube.ide.mcu.externaltools.gnu-tools-for-stm32.10.3-2021.10.win32_1.0.100.202210260954/tools/bin/../lib/gcc/arm-none-eabi/10.3.1/thumb/v7e-m+fp/hard/crtbegin.o
 .text          0x0000000000000000       0x7c c:/st/stm32cubeide_1.11.0/stm32cubeide/plugins/com.st.stm32cube.ide.mcu.externaltools.gnu-tools-for-stm32.10.3-2021.10.win32_1.0.100.202210260954/tools/bin/../lib/gcc/arm-none-eabi/10.3.1/../../../../arm-none-eabi/lib/thumb/v7e-m+fp/hard/crt0.o
 .data          0x0000000000000000        0x0 c:/st/stm32cubeide_1.11.0/stm32cubeide/plugins/com.st.stm32cube.ide.mcu.externaltools.gnu-tools-for-stm32.10.3-2021.10.win32_1.0.100.202210260954/tools/bin/../lib/gcc/arm-none-eabi/10.3.1/../../../../arm-none-eabi/lib/thumb/v7e-m+fp/hard/crt0.o
 .bss           0x0000000000000000        0x0 c:/st/stm32cubeide_1.11.0/stm32cubeide/plugins/com.st.stm32cube.ide.mcu.externaltools.gnu-tools-for-stm32.10.3-2021.10.win32_1.0.100.202210260954/tools/bin/../lib/gcc/arm-none-eabi/10.3.1/../../../../arm-none-eabi/lib/thumb/v7e-m+fp/hard/crt0.o
 .ARM.extab     0x0000000000000000        0x0 c:/st/stm32cubeide_1.11.0/stm32cubeide/plugins/com.st.stm32cube.ide.mcu.externaltools.gnu-tools-for-stm32.10.3-2021.10.win32_1.0.100.202210260954/tools/bin/../lib/gcc/arm-none-eabi/10.3.1/../../../../arm-none-eabi/lib/thumb/v7e-m+fp/hard/crt0.o
 .ARM.exidx     0x0000000000000000       0x10 c:/st/stm32cubeide_1.11.0/stm32cubeide/plugins/com.st.stm32cube.ide.mcu.externaltools.gnu-tools-for-stm32.10.3-2021.10.win32_1.0.100.202210260954/tools/bin/../lib/gcc/arm-none-eabi/10.3.1/../../../../arm-none-eabi/lib/thumb/v7e-m+fp/hard/crt0.o
 .ARM.attributes
                0x0000000000000000       0x1c c:/st/stm32cubeide_1.11.0/stm32cubeide/plugins/com.st.stm32cube.ide.mcu.externaltools.gnu-tools-for-stm32.10.3-2021.10.win32_1.0.100.202210260954/tools/bin/../lib/gcc/arm-none-eabi/10.3.1/../../../../arm-none-eabi/lib/thumb/v7e-m+fp/hard/crt0.o
 .group         0x0000000000000000        0xc ./Src/ADC.o
 .group         0x0000000000000000        0xc ./Src/ADC.o
 .group         0x0000000000000000        0xc ./Src/ADC.o
 .group         0x0000000000000000        0xc ./Src/ADC.o
 .group         0x0000000000000000        0xc ./Src/ADC.o
 .group         0x0000000000000000        0xc ./Src/ADC.o
 .group         0x0000000000000000        0xc ./Src/ADC.o
 .group         0x0000000000000000        0xc ./Src/ADC.o
 .group         0x0000000000000000        0xc ./Src/ADC.o
 .group         0x0000000000000000        0xc ./Src/ADC.o
 .group         0x0000000000000000        0xc ./Src/ADC.o
 .group         0x0000000000000000        0xc ./Src/ADC.o
 .group         0x0000000000000000        0xc ./Src/ADC.o
 .group         0x0000000000000000        0xc ./Src/ADC.o
 .group         0x0000000000000000        0xc ./Src/ADC.o
 .group         0x0000000000000000        0xc ./Src/ADC.o
 .text          0x0000000000000000        0x0 ./Src/ADC.o
 .data          0x0000000000000000        0x0 ./Src/ADC.o
 .bss           0x0000000000000000        0x0 ./Src/ADC.o
 .group         0x0000000000000000        0xc ./Src/ConFig.o
 .group         0x0000000000000000        0xc ./Src/ConFig.o
 .group         0x0000000000000000        0xc ./Src/ConFig.o
 .group         0x0000000000000000        0xc ./Src/ConFig.o
 .group         0x0000000000000000        0xc ./Src/ConFig.o
 .group         0x0000000000000000        0xc ./Src/ConFig.o
 .group         0x0000000000000000        0xc ./Src/ConFig.o
 .group         0x0000000000000000        0xc ./Src/ConFig.o
 .group         0x0000000000000000        0xc ./Src/ConFig.o
 .group         0x0000000000000000        0xc ./Src/ConFig.o
 .group         0x0000000000000000        0xc ./Src/ConFig.o
 .group         0x0000000000000000        0xc ./Src/ConFig.o
 .group         0x0000000000000000        0xc ./Src/ConFig.o
 .group         0x0000000000000000        0xc ./Src/ConFig.o
 .group         0x0000000000000000        0xc ./Src/ConFig.o
 .group         0x0000000000000000        0xc ./Src/ConFig.o
 .text          0x0000000000000000        0x0 ./Src/ConFig.o
 .data          0x0000000000000000        0x0 ./Src/ConFig.o
 .bss           0x0000000000000000        0x0 ./Src/ConFig.o
 .debug_macro   0x0000000000000000      0xa7e ./Src/ConFig.o
 .debug_macro   0x0000000000000000       0x2e ./Src/ConFig.o
 .debug_macro   0x0000000000000000       0x2f ./Src/ConFig.o
 .debug_macro   0x0000000000000000       0x22 ./Src/ConFig.o
 .debug_macro   0x0000000000000000       0x8e ./Src/ConFig.o
 .debug_macro   0x0000000000000000       0x51 ./Src/ConFig.o
 .debug_macro   0x0000000000000000      0x103 ./Src/ConFig.o
 .debug_macro   0x0000000000000000       0x6a ./Src/ConFig.o
 .debug_macro   0x0000000000000000      0x1df ./Src/ConFig.o
 .debug_macro   0x0000000000000000       0x1c ./Src/ConFig.o
 .debug_macro   0x0000000000000000       0x22 ./Src/ConFig.o
 .debug_macro   0x0000000000000000       0xd9 ./Src/ConFig.o
 .debug_macro   0x0000000000000000     0x102d ./Src/ConFig.o
 .debug_macro   0x0000000000000000      0x11f ./Src/ConFig.o
 .debug_macro   0x0000000000000000    0x1426d ./Src/ConFig.o
 .debug_macro   0x0000000000000000       0x6d ./Src/ConFig.o
 .group         0x0000000000000000        0xc ./Src/HeadLight.o
 .group         0x0000000000000000        0xc ./Src/HeadLight.o
 .group         0x0000000000000000        0xc ./Src/HeadLight.o
 .group         0x0000000000000000        0xc ./Src/HeadLight.o
 .group         0x0000000000000000        0xc ./Src/HeadLight.o
 .group         0x0000000000000000        0xc ./Src/HeadLight.o
 .group         0x0000000000000000        0xc ./Src/HeadLight.o
 .group         0x0000000000000000        0xc ./Src/HeadLight.o
 .group         0x0000000000000000        0xc ./Src/HeadLight.o
 .group         0x0000000000000000        0xc ./Src/HeadLight.o
 .group         0x0000000000000000        0xc ./Src/HeadLight.o
 .group         0x0000000000000000        0xc ./Src/HeadLight.o
 .group         0x0000000000000000        0xc ./Src/HeadLight.o
 .group         0x0000000000000000        0xc ./Src/HeadLight.o
 .group         0x0000000000000000        0xc ./Src/HeadLight.o
 .group         0x0000000000000000        0xc ./Src/HeadLight.o
 .text          0x0000000000000000        0x0 ./Src/HeadLight.o
 .data          0x0000000000000000        0x0 ./Src/HeadLight.o
 .bss           0x0000000000000000        0x0 ./Src/HeadLight.o
 .debug_macro   0x0000000000000000      0xa7e ./Src/HeadLight.o
 .debug_macro   0x0000000000000000       0x2e ./Src/HeadLight.o
 .debug_macro   0x0000000000000000       0x2f ./Src/HeadLight.o
 .debug_macro   0x0000000000000000       0x22 ./Src/HeadLight.o
 .debug_macro   0x0000000000000000       0x8e ./Src/HeadLight.o
 .debug_macro   0x0000000000000000       0x51 ./Src/HeadLight.o
 .debug_macro   0x0000000000000000      0x103 ./Src/HeadLight.o
 .debug_macro   0x0000000000000000       0x6a ./Src/HeadLight.o
 .debug_macro   0x0000000000000000      0x1df ./Src/HeadLight.o
 .debug_macro   0x0000000000000000       0x1c ./Src/HeadLight.o
 .debug_macro   0x0000000000000000       0x22 ./Src/HeadLight.o
 .debug_macro   0x0000000000000000       0xd9 ./Src/HeadLight.o
 .debug_macro   0x0000000000000000     0x102d ./Src/HeadLight.o
 .debug_macro   0x0000000000000000      0x11f ./Src/HeadLight.o
 .debug_macro   0x0000000000000000    0x1426d ./Src/HeadLight.o
 .debug_macro   0x0000000000000000       0x6d ./Src/HeadLight.o
 .group         0x0000000000000000        0xc ./Src/Indicators.o
 .group         0x0000000000000000        0xc ./Src/Indicators.o
 .group         0x0000000000000000        0xc ./Src/Indicators.o
 .group         0x0000000000000000        0xc ./Src/Indicators.o
 .group         0x0000000000000000        0xc ./Src/Indicators.o
 .group         0x0000000000000000        0xc ./Src/Indicators.o
 .group         0x0000000000000000        0xc ./Src/Indicators.o
 .group         0x0000000000000000        0xc ./Src/Indicators.o
 .group         0x0000000000000000        0xc ./Src/Indicators.o
 .group         0x0000000000000000        0xc ./Src/Indicators.o
 .group         0x0000000000000000        0xc ./Src/Indicators.o
 .group         0x0000000000000000        0xc ./Src/Indicators.o
 .group         0x0000000000000000        0xc ./Src/Indicators.o
 .group         0x0000000000000000        0xc ./Src/Indicators.o
 .group         0x0000000000000000        0xc ./Src/Indicators.o
 .group         0x0000000000000000        0xc ./Src/Indicators.o
 .text          0x0000000000000000        0x0 ./Src/Indicators.o
 .data          0x0000000000000000        0x0 ./Src/Indicators.o
 .bss           0x0000000000000000        0x0 ./Src/Indicators.o
 .debug_macro   0x0000000000000000      0xa7e ./Src/Indicators.o
 .debug_macro   0x0000000000000000       0x2e ./Src/Indicators.o
 .debug_macro   0x0000000000000000       0x2f ./Src/Indicators.o
 .debug_macro   0x0000000000000000       0x22 ./Src/Indicators.o
 .debug_macro   0x0000000000000000       0x8e ./Src/Indicators.o
 .debug_macro   0x0000000000000000       0x51 ./Src/Indicators.o
 .debug_macro   0x0000000000000000      0x103 ./Src/Indicators.o
 .debug_macro   0x0000000000000000       0x6a ./Src/Indicators.o
 .debug_macro   0x0000000000000000      0x1df ./Src/Indicators.o
 .debug_macro   0x0000000000000000       0x1c ./Src/Indicators.o
 .debug_macro   0x0000000000000000       0x22 ./Src/Indicators.o
 .debug_macro   0x0000000000000000       0xd9 ./Src/Indicators.o
 .debug_macro   0x0000000000000000     0x102d ./Src/Indicators.o
 .debug_macro   0x0000000000000000      0x11f ./Src/Indicators.o
 .debug_macro   0x0000000000000000    0x1426d ./Src/Indicators.o
 .debug_macro   0x0000000000000000       0x6d ./Src/Indicators.o
 .group         0x0000000000000000        0xc ./Src/UART.o
 .group         0x0000000000000000        0xc ./Src/UART.o
 .group         0x0000000000000000        0xc ./Src/UART.o
 .group         0x0000000000000000        0xc ./Src/UART.o
 .group         0x0000000000000000        0xc ./Src/UART.o
 .group         0x0000000000000000        0xc ./Src/UART.o
 .group         0x0000000000000000        0xc ./Src/UART.o
 .group         0x0000000000000000        0xc ./Src/UART.o
 .group         0x0000000000000000        0xc ./Src/UART.o
 .group         0x0000000000000000        0xc ./Src/UART.o
 .group         0x0000000000000000        0xc ./Src/UART.o
 .group         0x0000000000000000        0xc ./Src/UART.o
 .group         0x0000000000000000        0xc ./Src/UART.o
 .group         0x0000000000000000        0xc ./Src/UART.o
 .group         0x0000000000000000        0xc ./Src/UART.o
 .group         0x0000000000000000        0xc ./Src/UART.o
 .text          0x0000000000000000        0x0 ./Src/UART.o
 .data          0x0000000000000000        0x0 ./Src/UART.o
 .bss           0x0000000000000000        0x0 ./Src/UART.o
 .debug_macro   0x0000000000000000      0xa7e ./Src/UART.o
 .debug_macro   0x0000000000000000       0x2e ./Src/UART.o
 .debug_macro   0x0000000000000000       0x2f ./Src/UART.o
 .debug_macro   0x0000000000000000       0x22 ./Src/UART.o
 .debug_macro   0x0000000000000000       0x8e ./Src/UART.o
 .debug_macro   0x0000000000000000       0x51 ./Src/UART.o
 .debug_macro   0x0000000000000000      0x103 ./Src/UART.o
 .debug_macro   0x0000000000000000       0x6a ./Src/UART.o
 .debug_macro   0x0000000000000000      0x1df ./Src/UART.o
 .debug_macro   0x0000000000000000       0x1c ./Src/UART.o
 .debug_macro   0x0000000000000000       0x22 ./Src/UART.o
 .debug_macro   0x0000000000000000       0xd9 ./Src/UART.o
 .debug_macro   0x0000000000000000     0x102d ./Src/UART.o
 .debug_macro   0x0000000000000000      0x11f ./Src/UART.o
 .debug_macro   0x0000000000000000    0x1426d ./Src/UART.o
 .debug_macro   0x0000000000000000       0x6d ./Src/UART.o
 .group         0x0000000000000000        0xc ./Src/UARTCall.o
 .group         0x0000000000000000        0xc ./Src/UARTCall.o
 .group         0x0000000000000000        0xc ./Src/UARTCall.o
 .group         0x0000000000000000        0xc ./Src/UARTCall.o
 .group         0x0000000000000000        0xc ./Src/UARTCall.o
 .group         0x0000000000000000        0xc ./Src/UARTCall.o
 .group         0x0000000000000000        0xc ./Src/UARTCall.o
 .group         0x0000000000000000        0xc ./Src/UARTCall.o
 .group         0x0000000000000000        0xc ./Src/UARTCall.o
 .group         0x0000000000000000        0xc ./Src/UARTCall.o
 .group         0x0000000000000000        0xc ./Src/UARTCall.o
 .group         0x0000000000000000        0xc ./Src/UARTCall.o
 .group         0x0000000000000000        0xc ./Src/UARTCall.o
 .group         0x0000000000000000        0xc ./Src/UARTCall.o
 .group         0x0000000000000000        0xc ./Src/UARTCall.o
 .group         0x0000000000000000        0xc ./Src/UARTCall.o
 .text          0x0000000000000000        0x0 ./Src/UARTCall.o
 .data          0x0000000000000000        0x0 ./Src/UARTCall.o
 .bss           0x0000000000000000        0x0 ./Src/UARTCall.o
 .debug_macro   0x0000000000000000      0xa7e ./Src/UARTCall.o
 .debug_macro   0x0000000000000000       0x2e ./Src/UARTCall.o
 .debug_macro   0x0000000000000000       0x2f ./Src/UARTCall.o
 .debug_macro   0x0000000000000000       0x22 ./Src/UARTCall.o
 .debug_macro   0x0000000000000000       0x8e ./Src/UARTCall.o
 .debug_macro   0x0000000000000000       0x51 ./Src/UARTCall.o
 .debug_macro   0x0000000000000000      0x103 ./Src/UARTCall.o
 .debug_macro   0x0000000000000000       0x6a ./Src/UARTCall.o
 .debug_macro   0x0000000000000000      0x1df ./Src/UARTCall.o
 .debug_macro   0x0000000000000000       0x1c ./Src/UARTCall.o
 .debug_macro   0x0000000000000000       0x22 ./Src/UARTCall.o
 .debug_macro   0x0000000000000000       0xd9 ./Src/UARTCall.o
 .debug_macro   0x0000000000000000     0x102d ./Src/UARTCall.o
 .debug_macro   0x0000000000000000      0x11f ./Src/UARTCall.o
 .debug_macro   0x0000000000000000    0x1426d ./Src/UARTCall.o
 .debug_macro   0x0000000000000000       0x6d ./Src/UARTCall.o
 .group         0x0000000000000000        0xc ./Src/main.o
 .group         0x0000000000000000        0xc ./Src/main.o
 .group         0x0000000000000000        0xc ./Src/main.o
 .group         0x0000000000000000        0xc ./Src/main.o
 .group         0x0000000000000000        0xc ./Src/main.o
 .group         0x0000000000000000        0xc ./Src/main.o
 .group         0x0000000000000000        0xc ./Src/main.o
 .group         0x0000000000000000        0xc ./Src/main.o
 .group         0x0000000000000000        0xc ./Src/main.o
 .group         0x0000000000000000        0xc ./Src/main.o
 .group         0x0000000000000000        0xc ./Src/main.o
 .group         0x0000000000000000        0xc ./Src/main.o
 .group         0x0000000000000000        0xc ./Src/main.o
 .group         0x0000000000000000        0xc ./Src/main.o
 .group         0x0000000000000000        0xc ./Src/main.o
 .group         0x0000000000000000        0xc ./Src/main.o
 .text          0x0000000000000000        0x0 ./Src/main.o
 .data          0x0000000000000000        0x0 ./Src/main.o
 .bss           0x0000000000000000        0x0 ./Src/main.o
 .debug_macro   0x0000000000000000      0xa7e ./Src/main.o
 .debug_macro   0x0000000000000000       0x2e ./Src/main.o
 .debug_macro   0x0000000000000000       0x2f ./Src/main.o
 .debug_macro   0x0000000000000000       0x22 ./Src/main.o
 .debug_macro   0x0000000000000000       0x8e ./Src/main.o
 .debug_macro   0x0000000000000000       0x51 ./Src/main.o
 .debug_macro   0x0000000000000000      0x103 ./Src/main.o
 .debug_macro   0x0000000000000000       0x6a ./Src/main.o
 .debug_macro   0x0000000000000000      0x1df ./Src/main.o
 .debug_macro   0x0000000000000000       0x1c ./Src/main.o
 .debug_macro   0x0000000000000000       0x22 ./Src/main.o
 .debug_macro   0x0000000000000000       0xd9 ./Src/main.o
 .debug_macro   0x0000000000000000     0x102d ./Src/main.o
 .debug_macro   0x0000000000000000      0x11f ./Src/main.o
 .debug_macro   0x0000000000000000    0x1426d ./Src/main.o
 .debug_macro   0x0000000000000000       0x6d ./Src/main.o
 .group         0x0000000000000000        0xc ./Src/syscalls.o
 .group         0x0000000000000000        0xc ./Src/syscalls.o
 .group         0x0000000000000000        0xc ./Src/syscalls.o
 .group         0x0000000000000000        0xc ./Src/syscalls.o
 .group         0x0000000000000000        0xc ./Src/syscalls.o
 .group         0x0000000000000000        0xc ./Src/syscalls.o
 .group         0x0000000000000000        0xc ./Src/syscalls.o
 .group         0x0000000000000000        0xc ./Src/syscalls.o
 .group         0x0000000000000000        0xc ./Src/syscalls.o
 .group         0x0000000000000000        0xc ./Src/syscalls.o
 .group         0x0000000000000000        0xc ./Src/syscalls.o
 .group         0x0000000000000000        0xc ./Src/syscalls.o
 .group         0x0000000000000000        0xc ./Src/syscalls.o
 .group         0x0000000000000000        0xc ./Src/syscalls.o
 .group         0x0000000000000000        0xc ./Src/syscalls.o
 .group         0x0000000000000000        0xc ./Src/syscalls.o
 .group         0x0000000000000000        0xc ./Src/syscalls.o
 .group         0x0000000000000000        0xc ./Src/syscalls.o
 .group         0x0000000000000000        0xc ./Src/syscalls.o
 .group         0x0000000000000000        0xc ./Src/syscalls.o
 .group         0x0000000000000000        0xc ./Src/syscalls.o
 .group         0x0000000000000000        0xc ./Src/syscalls.o
 .group         0x0000000000000000        0xc ./Src/syscalls.o
 .group         0x0000000000000000        0xc ./Src/syscalls.o
 .group         0x0000000000000000        0xc ./Src/syscalls.o
 .group         0x0000000000000000        0xc ./Src/syscalls.o
 .group         0x0000000000000000        0xc ./Src/syscalls.o
 .group         0x0000000000000000        0xc ./Src/syscalls.o
 .group         0x0000000000000000        0xc ./Src/syscalls.o
 .group         0x0000000000000000        0xc ./Src/syscalls.o
 .group         0x0000000000000000        0xc ./Src/syscalls.o
 .group         0x0000000000000000        0xc ./Src/syscalls.o
 .group         0x0000000000000000        0xc ./Src/syscalls.o
 .group         0x0000000000000000        0xc ./Src/syscalls.o
 .group         0x0000000000000000        0xc ./Src/syscalls.o
 .group         0x0000000000000000        0xc ./Src/syscalls.o
 .group         0x0000000000000000        0xc ./Src/syscalls.o
 .group         0x0000000000000000        0xc ./Src/syscalls.o
 .group         0x0000000000000000        0xc ./Src/syscalls.o
 .group         0x0000000000000000        0xc ./Src/syscalls.o
 .group         0x0000000000000000        0xc ./Src/syscalls.o
 .group         0x0000000000000000        0xc ./Src/syscalls.o
 .group         0x0000000000000000        0xc ./Src/syscalls.o
 .group         0x0000000000000000        0xc ./Src/syscalls.o
 .group         0x0000000000000000        0xc ./Src/syscalls.o
 .group         0x0000000000000000        0xc ./Src/syscalls.o
 .group         0x0000000000000000        0xc ./Src/syscalls.o
 .text          0x0000000000000000        0x0 ./Src/syscalls.o
 .data          0x0000000000000000        0x0 ./Src/syscalls.o
 .bss           0x0000000000000000        0x0 ./Src/syscalls.o
 .bss.__env     0x0000000000000000        0x4 ./Src/syscalls.o
 .data.environ  0x0000000000000000        0x4 ./Src/syscalls.o
 .text.initialise_monitor_handles
                0x0000000000000000        0xe ./Src/syscalls.o
 .text._getpid  0x0000000000000000       0x10 ./Src/syscalls.o
 .text._kill    0x0000000000000000       0x20 ./Src/syscalls.o
 .text._exit    0x0000000000000000       0x14 ./Src/syscalls.o
 .text._read    0x0000000000000000       0x3a ./Src/syscalls.o
 .text._write   0x0000000000000000       0x38 ./Src/syscalls.o
 .text._close   0x0000000000000000       0x18 ./Src/syscalls.o
 .text._fstat   0x0000000000000000       0x20 ./Src/syscalls.o
 .text._isatty  0x0000000000000000       0x16 ./Src/syscalls.o
 .text._lseek   0x0000000000000000       0x1a ./Src/syscalls.o
 .text._open    0x0000000000000000       0x1c ./Src/syscalls.o
 .text._wait    0x0000000000000000       0x1e ./Src/syscalls.o
 .text._unlink  0x0000000000000000       0x1e ./Src/syscalls.o
 .text._times   0x0000000000000000       0x18 ./Src/syscalls.o
 .text._stat    0x0000000000000000       0x20 ./Src/syscalls.o
 .text._link    0x0000000000000000       0x20 ./Src/syscalls.o
 .text._fork    0x0000000000000000       0x16 ./Src/syscalls.o
 .text._execve  0x0000000000000000       0x22 ./Src/syscalls.o
 .debug_info    0x0000000000000000      0x6e0 ./Src/syscalls.o
 .debug_abbrev  0x0000000000000000      0x1b3 ./Src/syscalls.o
 .debug_aranges
                0x0000000000000000       0xa8 ./Src/syscalls.o
 .debug_ranges  0x0000000000000000       0x98 ./Src/syscalls.o
 .debug_macro   0x0000000000000000      0x24c ./Src/syscalls.o
 .debug_macro   0x0000000000000000      0xa7e ./Src/syscalls.o
 .debug_macro   0x0000000000000000       0x22 ./Src/syscalls.o
 .debug_macro   0x0000000000000000       0x4c ./Src/syscalls.o
 .debug_macro   0x0000000000000000       0x1e ./Src/syscalls.o
 .debug_macro   0x0000000000000000       0x94 ./Src/syscalls.o
 .debug_macro   0x0000000000000000       0x3c ./Src/syscalls.o
 .debug_macro   0x0000000000000000       0x34 ./Src/syscalls.o
 .debug_macro   0x0000000000000000       0x57 ./Src/syscalls.o
 .debug_macro   0x0000000000000000      0x174 ./Src/syscalls.o
 .debug_macro   0x0000000000000000      0x341 ./Src/syscalls.o
 .debug_macro   0x0000000000000000       0x16 ./Src/syscalls.o
 .debug_macro   0x0000000000000000       0x43 ./Src/syscalls.o
 .debug_macro   0x0000000000000000       0x34 ./Src/syscalls.o
 .debug_macro   0x0000000000000000       0x10 ./Src/syscalls.o
 .debug_macro   0x0000000000000000       0x58 ./Src/syscalls.o
 .debug_macro   0x0000000000000000       0x71 ./Src/syscalls.o
 .debug_macro   0x0000000000000000       0x1c ./Src/syscalls.o
 .debug_macro   0x0000000000000000      0x12a ./Src/syscalls.o
 .debug_macro   0x0000000000000000       0x10 ./Src/syscalls.o
 .debug_macro   0x0000000000000000       0x35 ./Src/syscalls.o
 .debug_macro   0x0000000000000000       0x10 ./Src/syscalls.o
 .debug_macro   0x0000000000000000       0x10 ./Src/syscalls.o
 .debug_macro   0x0000000000000000       0x10 ./Src/syscalls.o
 .debug_macro   0x0000000000000000       0x6a ./Src/syscalls.o
 .debug_macro   0x0000000000000000       0x1c ./Src/syscalls.o
 .debug_macro   0x0000000000000000       0x52 ./Src/syscalls.o
 .debug_macro   0x0000000000000000       0x22 ./Src/syscalls.o
 .debug_macro   0x0000000000000000       0x10 ./Src/syscalls.o
 .debug_macro   0x0000000000000000       0x52 ./Src/syscalls.o
 .debug_macro   0x0000000000000000       0xd5 ./Src/syscalls.o
 .debug_macro   0x0000000000000000       0x1c ./Src/syscalls.o
 .debug_macro   0x0000000000000000       0x3d ./Src/syscalls.o
 .debug_macro   0x0000000000000000       0x35 ./Src/syscalls.o
 .debug_macro   0x0000000000000000      0x12c ./Src/syscalls.o
 .debug_macro   0x0000000000000000       0x16 ./Src/syscalls.o
 .debug_macro   0x0000000000000000       0x16 ./Src/syscalls.o
 .debug_macro   0x0000000000000000       0x29 ./Src/syscalls.o
 .debug_macro   0x0000000000000000       0x10 ./Src/syscalls.o
 .debug_macro   0x0000000000000000      0x241 ./Src/syscalls.o
 .debug_macro   0x0000000000000000       0x1c ./Src/syscalls.o
 .debug_macro   0x0000000000000000       0x10 ./Src/syscalls.o
 .debug_macro   0x0000000000000000       0x10 ./Src/syscalls.o
 .debug_macro   0x0000000000000000       0x16 ./Src/syscalls.o
 .debug_macro   0x0000000000000000      0x145 ./Src/syscalls.o
 .debug_macro   0x0000000000000000      0x189 ./Src/syscalls.o
 .debug_macro   0x0000000000000000       0x16 ./Src/syscalls.o
 .debug_macro   0x0000000000000000       0xce ./Src/syscalls.o
 .debug_line    0x0000000000000000      0x7f9 ./Src/syscalls.o
 .debug_str     0x0000000000000000     0x8a67 ./Src/syscalls.o
 .comment       0x0000000000000000       0x51 ./Src/syscalls.o
 .debug_frame   0x0000000000000000      0x2ac ./Src/syscalls.o
 .ARM.attributes
                0x0000000000000000       0x34 ./Src/syscalls.o
 .group         0x0000000000000000        0xc ./Src/sysmem.o
 .group         0x0000000000000000        0xc ./Src/sysmem.o
 .group         0x0000000000000000        0xc ./Src/sysmem.o
 .group         0x0000000000000000        0xc ./Src/sysmem.o
 .group         0x0000000000000000        0xc ./Src/sysmem.o
 .group         0x0000000000000000        0xc ./Src/sysmem.o
 .group         0x0000000000000000        0xc ./Src/sysmem.o
 .group         0x0000000000000000        0xc ./Src/sysmem.o
 .group         0x0000000000000000        0xc ./Src/sysmem.o
 .group         0x0000000000000000        0xc ./Src/sysmem.o
 .group         0x0000000000000000        0xc ./Src/sysmem.o
 .group         0x0000000000000000        0xc ./Src/sysmem.o
 .group         0x0000000000000000        0xc ./Src/sysmem.o
 .group         0x0000000000000000        0xc ./Src/sysmem.o
 .group         0x0000000000000000        0xc ./Src/sysmem.o
 .group         0x0000000000000000        0xc ./Src/sysmem.o
 .group         0x0000000000000000        0xc ./Src/sysmem.o
 .group         0x0000000000000000        0xc ./Src/sysmem.o
 .group         0x0000000000000000        0xc ./Src/sysmem.o
 .group         0x0000000000000000        0xc ./Src/sysmem.o
 .group         0x0000000000000000        0xc ./Src/sysmem.o
 .group         0x0000000000000000        0xc ./Src/sysmem.o
 .text          0x0000000000000000        0x0 ./Src/sysmem.o
 .data          0x0000000000000000        0x0 ./Src/sysmem.o
 .bss           0x0000000000000000        0x0 ./Src/sysmem.o
 .bss.__sbrk_heap_end
                0x0000000000000000        0x4 ./Src/sysmem.o
 .text._sbrk    0x0000000000000000       0x6c ./Src/sysmem.o
 .debug_info    0x0000000000000000      0x171 ./Src/sysmem.o
 .debug_abbrev  0x0000000000000000       0xbb ./Src/sysmem.o
 .debug_aranges
                0x0000000000000000       0x20 ./Src/sysmem.o
 .debug_ranges  0x0000000000000000       0x10 ./Src/sysmem.o
 .debug_macro   0x0000000000000000       0xff ./Src/sysmem.o
 .debug_macro   0x0000000000000000      0xa7e ./Src/sysmem.o
 .debug_macro   0x0000000000000000       0x10 ./Src/sysmem.o
 .debug_macro   0x0000000000000000       0x22 ./Src/sysmem.o
 .debug_macro   0x0000000000000000       0x4c ./Src/sysmem.o
 .debug_macro   0x0000000000000000       0x1e ./Src/sysmem.o
 .debug_macro   0x0000000000000000       0x94 ./Src/sysmem.o
 .debug_macro   0x0000000000000000       0x3c ./Src/sysmem.o
 .debug_macro   0x0000000000000000       0x34 ./Src/sysmem.o
 .debug_macro   0x0000000000000000      0x174 ./Src/sysmem.o
 .debug_macro   0x0000000000000000       0x16 ./Src/sysmem.o
 .debug_macro   0x0000000000000000       0x43 ./Src/sysmem.o
 .debug_macro   0x0000000000000000       0x57 ./Src/sysmem.o
 .debug_macro   0x0000000000000000       0x34 ./Src/sysmem.o
 .debug_macro   0x0000000000000000       0x10 ./Src/sysmem.o
 .debug_macro   0x0000000000000000       0x58 ./Src/sysmem.o
 .debug_macro   0x0000000000000000       0x71 ./Src/sysmem.o
 .debug_macro   0x0000000000000000       0x1c ./Src/sysmem.o
 .debug_macro   0x0000000000000000      0x12a ./Src/sysmem.o
 .debug_macro   0x0000000000000000      0x23b ./Src/sysmem.o
 .debug_macro   0x0000000000000000      0x103 ./Src/sysmem.o
 .debug_macro   0x0000000000000000       0x6a ./Src/sysmem.o
 .debug_macro   0x0000000000000000      0x1df ./Src/sysmem.o
 .debug_line    0x0000000000000000      0x4ef ./Src/sysmem.o
 .debug_str     0x0000000000000000     0x5da3 ./Src/sysmem.o
 .comment       0x0000000000000000       0x51 ./Src/sysmem.o
 .debug_frame   0x0000000000000000       0x34 ./Src/sysmem.o
 .ARM.attributes
                0x0000000000000000       0x34 ./Src/sysmem.o
 .text          0x0000000000000000       0x14 ./Startup/startup_stm32f405rgtx.o
 .data          0x0000000000000000        0x0 ./Startup/startup_stm32f405rgtx.o
 .bss           0x0000000000000000        0x0 ./Startup/startup_stm32f405rgtx.o
 .text          0x0000000000000000        0x0 c:/st/stm32cubeide_1.11.0/stm32cubeide/plugins/com.st.stm32cube.ide.mcu.externaltools.gnu-tools-for-stm32.10.3-2021.10.win32_1.0.100.202210260954/tools/bin/../lib/gcc/arm-none-eabi/10.3.1/../../../../arm-none-eabi/lib/thumb/v7e-m+fp/hard\libc_nano.a(lib_a-errno.o)
 .data          0x0000000000000000        0x0 c:/st/stm32cubeide_1.11.0/stm32cubeide/plugins/com.st.stm32cube.ide.mcu.externaltools.gnu-tools-for-stm32.10.3-2021.10.win32_1.0.100.202210260954/tools/bin/../lib/gcc/arm-none-eabi/10.3.1/../../../../arm-none-eabi/lib/thumb/v7e-m+fp/hard\libc_nano.a(lib_a-errno.o)
 .bss           0x0000000000000000        0x0 c:/st/stm32cubeide_1.11.0/stm32cubeide/plugins/com.st.stm32cube.ide.mcu.externaltools.gnu-tools-for-stm32.10.3-2021.10.win32_1.0.100.202210260954/tools/bin/../lib/gcc/arm-none-eabi/10.3.1/../../../../arm-none-eabi/lib/thumb/v7e-m+fp/hard\libc_nano.a(lib_a-errno.o)
 .text.__errno  0x0000000000000000        0xc c:/st/stm32cubeide_1.11.0/stm32cubeide/plugins/com.st.stm32cube.ide.mcu.externaltools.gnu-tools-for-stm32.10.3-2021.10.win32_1.0.100.202210260954/tools/bin/../lib/gcc/arm-none-eabi/10.3.1/../../../../arm-none-eabi/lib/thumb/v7e-m+fp/hard\libc_nano.a(lib_a-errno.o)
 .debug_frame   0x0000000000000000       0x20 c:/st/stm32cubeide_1.11.0/stm32cubeide/plugins/com.st.stm32cube.ide.mcu.externaltools.gnu-tools-for-stm32.10.3-2021.10.win32_1.0.100.202210260954/tools/bin/../lib/gcc/arm-none-eabi/10.3.1/../../../../arm-none-eabi/lib/thumb/v7e-m+fp/hard\libc_nano.a(lib_a-errno.o)
 .ARM.attributes
                0x0000000000000000       0x34 c:/st/stm32cubeide_1.11.0/stm32cubeide/plugins/com.st.stm32cube.ide.mcu.externaltools.gnu-tools-for-stm32.10.3-2021.10.win32_1.0.100.202210260954/tools/bin/../lib/gcc/arm-none-eabi/10.3.1/../../../../arm-none-eabi/lib/thumb/v7e-m+fp/hard\libc_nano.a(lib_a-errno.o)
 .text          0x0000000000000000        0x0 c:/st/stm32cubeide_1.11.0/stm32cubeide/plugins/com.st.stm32cube.ide.mcu.externaltools.gnu-tools-for-stm32.10.3-2021.10.win32_1.0.100.202210260954/tools/bin/../lib/gcc/arm-none-eabi/10.3.1/../../../../arm-none-eabi/lib/thumb/v7e-m+fp/hard\libc_nano.a(lib_a-exit.o)
 .data          0x0000000000000000        0x0 c:/st/stm32cubeide_1.11.0/stm32cubeide/plugins/com.st.stm32cube.ide.mcu.externaltools.gnu-tools-for-stm32.10.3-2021.10.win32_1.0.100.202210260954/tools/bin/../lib/gcc/arm-none-eabi/10.3.1/../../../../arm-none-eabi/lib/thumb/v7e-m+fp/hard\libc_nano.a(lib_a-exit.o)
 .bss           0x0000000000000000        0x0 c:/st/stm32cubeide_1.11.0/stm32cubeide/plugins/com.st.stm32cube.ide.mcu.externaltools.gnu-tools-for-stm32.10.3-2021.10.win32_1.0.100.202210260954/tools/bin/../lib/gcc/arm-none-eabi/10.3.1/../../../../arm-none-eabi/lib/thumb/v7e-m+fp/hard\libc_nano.a(lib_a-exit.o)
 .text.exit     0x0000000000000000       0x28 c:/st/stm32cubeide_1.11.0/stm32cubeide/plugins/com.st.stm32cube.ide.mcu.externaltools.gnu-tools-for-stm32.10.3-2021.10.win32_1.0.100.202210260954/tools/bin/../lib/gcc/arm-none-eabi/10.3.1/../../../../arm-none-eabi/lib/thumb/v7e-m+fp/hard\libc_nano.a(lib_a-exit.o)
 .debug_frame   0x0000000000000000       0x28 c:/st/stm32cubeide_1.11.0/stm32cubeide/plugins/com.st.stm32cube.ide.mcu.externaltools.gnu-tools-for-stm32.10.3-2021.10.win32_1.0.100.202210260954/tools/bin/../lib/gcc/arm-none-eabi/10.3.1/../../../../arm-none-eabi/lib/thumb/v7e-m+fp/hard\libc_nano.a(lib_a-exit.o)
 .ARM.attributes
                0x0000000000000000       0x34 c:/st/stm32cubeide_1.11.0/stm32cubeide/plugins/com.st.stm32cube.ide.mcu.externaltools.gnu-tools-for-stm32.10.3-2021.10.win32_1.0.100.202210260954/tools/bin/../lib/gcc/arm-none-eabi/10.3.1/../../../../arm-none-eabi/lib/thumb/v7e-m+fp/hard\libc_nano.a(lib_a-exit.o)
 .text          0x0000000000000000        0x0 c:/st/stm32cubeide_1.11.0/stm32cubeide/plugins/com.st.stm32cube.ide.mcu.externaltools.gnu-tools-for-stm32.10.3-2021.10.win32_1.0.100.202210260954/tools/bin/../lib/gcc/arm-none-eabi/10.3.1/../../../../arm-none-eabi/lib/thumb/v7e-m+fp/hard\libc_nano.a(lib_a-impure.o)
 .data          0x0000000000000000        0x0 c:/st/stm32cubeide_1.11.0/stm32cubeide/plugins/com.st.stm32cube.ide.mcu.externaltools.gnu-tools-for-stm32.10.3-2021.10.win32_1.0.100.202210260954/tools/bin/../lib/gcc/arm-none-eabi/10.3.1/../../../../arm-none-eabi/lib/thumb/v7e-m+fp/hard\libc_nano.a(lib_a-impure.o)
 .bss           0x0000000000000000        0x0 c:/st/stm32cubeide_1.11.0/stm32cubeide/plugins/com.st.stm32cube.ide.mcu.externaltools.gnu-tools-for-stm32.10.3-2021.10.win32_1.0.100.202210260954/tools/bin/../lib/gcc/arm-none-eabi/10.3.1/../../../../arm-none-eabi/lib/thumb/v7e-m+fp/hard\libc_nano.a(lib_a-impure.o)
 .data._impure_ptr
                0x0000000000000000        0x4 c:/st/stm32cubeide_1.11.0/stm32cubeide/plugins/com.st.stm32cube.ide.mcu.externaltools.gnu-tools-for-stm32.10.3-2021.10.win32_1.0.100.202210260954/tools/bin/../lib/gcc/arm-none-eabi/10.3.1/../../../../arm-none-eabi/lib/thumb/v7e-m+fp/hard\libc_nano.a(lib_a-impure.o)
 .data.impure_data
                0x0000000000000000       0x60 c:/st/stm32cubeide_1.11.0/stm32cubeide/plugins/com.st.stm32cube.ide.mcu.externaltools.gnu-tools-for-stm32.10.3-2021.10.win32_1.0.100.202210260954/tools/bin/../lib/gcc/arm-none-eabi/10.3.1/../../../../arm-none-eabi/lib/thumb/v7e-m+fp/hard\libc_nano.a(lib_a-impure.o)
 .rodata._global_impure_ptr
                0x0000000000000000        0x4 c:/st/stm32cubeide_1.11.0/stm32cubeide/plugins/com.st.stm32cube.ide.mcu.externaltools.gnu-tools-for-stm32.10.3-2021.10.win32_1.0.100.202210260954/tools/bin/../lib/gcc/arm-none-eabi/10.3.1/../../../../arm-none-eabi/lib/thumb/v7e-m+fp/hard\libc_nano.a(lib_a-impure.o)
 .ARM.attributes
                0x0000000000000000       0x34 c:/st/stm32cubeide_1.11.0/stm32cubeide/plugins/com.st.stm32cube.ide.mcu.externaltools.gnu-tools-for-stm32.10.3-2021.10.win32_1.0.100.202210260954/tools/bin/../lib/gcc/arm-none-eabi/10.3.1/../../../../arm-none-eabi/lib/thumb/v7e-m+fp/hard\libc_nano.a(lib_a-impure.o)
 .text          0x0000000000000000        0x0 c:/st/stm32cubeide_1.11.0/stm32cubeide/plugins/com.st.stm32cube.ide.mcu.externaltools.gnu-tools-for-stm32.10.3-2021.10.win32_1.0.100.202210260954/tools/bin/../lib/gcc/arm-none-eabi/10.3.1/../../../../arm-none-eabi/lib/thumb/v7e-m+fp/hard\libc_nano.a(lib_a-init.o)
 .data          0x0000000000000000        0x0 c:/st/stm32cubeide_1.11.0/stm32cubeide/plugins/com.st.stm32cube.ide.mcu.externaltools.gnu-tools-for-stm32.10.3-2021.10.win32_1.0.100.202210260954/tools/bin/../lib/gcc/arm-none-eabi/10.3.1/../../../../arm-none-eabi/lib/thumb/v7e-m+fp/hard\libc_nano.a(lib_a-init.o)
 .bss           0x0000000000000000        0x0 c:/st/stm32cubeide_1.11.0/stm32cubeide/plugins/com.st.stm32cube.ide.mcu.externaltools.gnu-tools-for-stm32.10.3-2021.10.win32_1.0.100.202210260954/tools/bin/../lib/gcc/arm-none-eabi/10.3.1/../../../../arm-none-eabi/lib/thumb/v7e-m+fp/hard\libc_nano.a(lib_a-init.o)
 .text          0x0000000000000000        0x0 c:/st/stm32cubeide_1.11.0/stm32cubeide/plugins/com.st.stm32cube.ide.mcu.externaltools.gnu-tools-for-stm32.10.3-2021.10.win32_1.0.100.202210260954/tools/bin/../lib/gcc/arm-none-eabi/10.3.1/../../../../arm-none-eabi/lib/thumb/v7e-m+fp/hard\libc_nano.a(lib_a-memset.o)
 .data          0x0000000000000000        0x0 c:/st/stm32cubeide_1.11.0/stm32cubeide/plugins/com.st.stm32cube.ide.mcu.externaltools.gnu-tools-for-stm32.10.3-2021.10.win32_1.0.100.202210260954/tools/bin/../lib/gcc/arm-none-eabi/10.3.1/../../../../arm-none-eabi/lib/thumb/v7e-m+fp/hard\libc_nano.a(lib_a-memset.o)
 .bss           0x0000000000000000        0x0 c:/st/stm32cubeide_1.11.0/stm32cubeide/plugins/com.st.stm32cube.ide.mcu.externaltools.gnu-tools-for-stm32.10.3-2021.10.win32_1.0.100.202210260954/tools/bin/../lib/gcc/arm-none-eabi/10.3.1/../../../../arm-none-eabi/lib/thumb/v7e-m+fp/hard\libc_nano.a(lib_a-memset.o)
 .text.memset   0x0000000000000000       0x10 c:/st/stm32cubeide_1.11.0/stm32cubeide/plugins/com.st.stm32cube.ide.mcu.externaltools.gnu-tools-for-stm32.10.3-2021.10.win32_1.0.100.202210260954/tools/bin/../lib/gcc/arm-none-eabi/10.3.1/../../../../arm-none-eabi/lib/thumb/v7e-m+fp/hard\libc_nano.a(lib_a-memset.o)
 .debug_frame   0x0000000000000000       0x20 c:/st/stm32cubeide_1.11.0/stm32cubeide/plugins/com.st.stm32cube.ide.mcu.externaltools.gnu-tools-for-stm32.10.3-2021.10.win32_1.0.100.202210260954/tools/bin/../lib/gcc/arm-none-eabi/10.3.1/../../../../arm-none-eabi/lib/thumb/v7e-m+fp/hard\libc_nano.a(lib_a-memset.o)
 .ARM.attributes
                0x0000000000000000       0x34 c:/st/stm32cubeide_1.11.0/stm32cubeide/plugins/com.st.stm32cube.ide.mcu.externaltools.gnu-tools-for-stm32.10.3-2021.10.win32_1.0.100.202210260954/tools/bin/../lib/gcc/arm-none-eabi/10.3.1/../../../../arm-none-eabi/lib/thumb/v7e-m+fp/hard\libc_nano.a(lib_a-memset.o)
 .text          0x0000000000000000        0x0 c:/st/stm32cubeide_1.11.0/stm32cubeide/plugins/com.st.stm32cube.ide.mcu.externaltools.gnu-tools-for-stm32.10.3-2021.10.win32_1.0.100.202210260954/tools/bin/../lib/gcc/arm-none-eabi/10.3.1/thumb/v7e-m+fp/hard/crtend.o
 .data          0x0000000000000000        0x0 c:/st/stm32cubeide_1.11.0/stm32cubeide/plugins/com.st.stm32cube.ide.mcu.externaltools.gnu-tools-for-stm32.10.3-2021.10.win32_1.0.100.202210260954/tools/bin/../lib/gcc/arm-none-eabi/10.3.1/thumb/v7e-m+fp/hard/crtend.o
 .bss           0x0000000000000000        0x0 c:/st/stm32cubeide_1.11.0/stm32cubeide/plugins/com.st.stm32cube.ide.mcu.externaltools.gnu-tools-for-stm32.10.3-2021.10.win32_1.0.100.202210260954/tools/bin/../lib/gcc/arm-none-eabi/10.3.1/thumb/v7e-m+fp/hard/crtend.o
 .rodata        0x0000000000000000       0x24 c:/st/stm32cubeide_1.11.0/stm32cubeide/plugins/com.st.stm32cube.ide.mcu.externaltools.gnu-tools-for-stm32.10.3-2021.10.win32_1.0.100.202210260954/tools/bin/../lib/gcc/arm-none-eabi/10.3.1/thumb/v7e-m+fp/hard/crtend.o
 .eh_frame      0x0000000000000000        0x4 c:/st/stm32cubeide_1.11.0/stm32cubeide/plugins/com.st.stm32cube.ide.mcu.externaltools.gnu-tools-for-stm32.10.3-2021.10.win32_1.0.100.202210260954/tools/bin/../lib/gcc/arm-none-eabi/10.3.1/thumb/v7e-m+fp/hard/crtend.o
 .ARM.attributes
                0x0000000000000000       0x34 c:/st/stm32cubeide_1.11.0/stm32cubeide/plugins/com.st.stm32cube.ide.mcu.externaltools.gnu-tools-for-stm32.10.3-2021.10.win32_1.0.100.202210260954/tools/bin/../lib/gcc/arm-none-eabi/10.3.1/thumb/v7e-m+fp/hard/crtend.o
 .text          0x0000000000000000        0x0 c:/st/stm32cubeide_1.11.0/stm32cubeide/plugins/com.st.stm32cube.ide.mcu.externaltools.gnu-tools-for-stm32.10.3-2021.10.win32_1.0.100.202210260954/tools/bin/../lib/gcc/arm-none-eabi/10.3.1/thumb/v7e-m+fp/hard/crtn.o
 .data          0x0000000000000000        0x0 c:/st/stm32cubeide_1.11.0/stm32cubeide/plugins/com.st.stm32cube.ide.mcu.externaltools.gnu-tools-for-stm32.10.3-2021.10.win32_1.0.100.202210260954/tools/bin/../lib/gcc/arm-none-eabi/10.3.1/thumb/v7e-m+fp/hard/crtn.o
 .bss           0x0000000000000000        0x0 c:/st/stm32cubeide_1.11.0/stm32cubeide/plugins/com.st.stm32cube.ide.mcu.externaltools.gnu-tools-for-stm32.10.3-2021.10.win32_1.0.100.202210260954/tools/bin/../lib/gcc/arm-none-eabi/10.3.1/thumb/v7e-m+fp/hard/crtn.o

Memory Configuration

Name             Origin             Length             Attributes
CCMRAM           0x0000000010000000 0x0000000000010000 xrw
RAM              0x0000000020000000 0x0000000000020000 xrw
FLASH            0x0000000008000000 0x0000000000100000 xr
*default*        0x0000000000000000 0xffffffffffffffff

Linker script and memory map

LOAD c:/st/stm32cubeide_1.11.0/stm32cubeide/plugins/com.st.stm32cube.ide.mcu.externaltools.gnu-tools-for-stm32.10.3-2021.10.win32_1.0.100.202210260954/tools/bin/../lib/gcc/arm-none-eabi/10.3.1/thumb/v7e-m+fp/hard/crti.o
LOAD c:/st/stm32cubeide_1.11.0/stm32cubeide/plugins/com.st.stm32cube.ide.mcu.externaltools.gnu-tools-for-stm32.10.3-2021.10.win32_1.0.100.202210260954/tools/bin/../lib/gcc/arm-none-eabi/10.3.1/thumb/v7e-m+fp/hard/crtbegin.o
LOAD c:/st/stm32cubeide_1.11.0/stm32cubeide/plugins/com.st.stm32cube.ide.mcu.externaltools.gnu-tools-for-stm32.10.3-2021.10.win32_1.0.100.202210260954/tools/bin/../lib/gcc/arm-none-eabi/10.3.1/../../../../arm-none-eabi/lib/thumb/v7e-m+fp/hard/crt0.o
LOAD ./Src/ADC.o
LOAD ./Src/ConFig.o
LOAD ./Src/HeadLight.o
LOAD ./Src/Indicators.o
LOAD ./Src/UART.o
LOAD ./Src/UARTCall.o
LOAD ./Src/main.o
LOAD ./Src/syscalls.o
LOAD ./Src/sysmem.o
LOAD ./Startup/startup_stm32f405rgtx.o
START GROUP
LOAD c:/st/stm32cubeide_1.11.0/stm32cubeide/plugins/com.st.stm32cube.ide.mcu.externaltools.gnu-tools-for-stm32.10.3-2021.10.win32_1.0.100.202210260954/tools/bin/../lib/gcc/arm-none-eabi/10.3.1/../../../../arm-none-eabi/lib/thumb/v7e-m+fp/hard\libc_nano.a
LOAD c:/st/stm32cubeide_1.11.0/stm32cubeide/plugins/com.st.stm32cube.ide.mcu.externaltools.gnu-tools-for-stm32.10.3-2021.10.win32_1.0.100.202210260954/tools/bin/../lib/gcc/arm-none-eabi/10.3.1/../../../../arm-none-eabi/lib/thumb/v7e-m+fp/hard\libm.a
END GROUP
START GROUP
LOAD c:/st/stm32cubeide_1.11.0/stm32cubeide/plugins/com.st.stm32cube.ide.mcu.externaltools.gnu-tools-for-stm32.10.3-2021.10.win32_1.0.100.202210260954/tools/bin/../lib/gcc/arm-none-eabi/10.3.1/thumb/v7e-m+fp/hard\libgcc.a
LOAD c:/st/stm32cubeide_1.11.0/stm32cubeide/plugins/com.st.stm32cube.ide.mcu.externaltools.gnu-tools-for-stm32.10.3-2021.10.win32_1.0.100.202210260954/tools/bin/../lib/gcc/arm-none-eabi/10.3.1/../../../../arm-none-eabi/lib/thumb/v7e-m+fp/hard\libc_nano.a
END GROUP
START GROUP
LOAD c:/st/stm32cubeide_1.11.0/stm32cubeide/plugins/com.st.stm32cube.ide.mcu.externaltools.gnu-tools-for-stm32.10.3-2021.10.win32_1.0.100.202210260954/tools/bin/../lib/gcc/arm-none-eabi/10.3.1/thumb/v7e-m+fp/hard\libgcc.a
LOAD c:/st/stm32cubeide_1.11.0/stm32cubeide/plugins/com.st.stm32cube.ide.mcu.externaltools.gnu-tools-for-stm32.10.3-2021.10.win32_1.0.100.202210260954/tools/bin/../lib/gcc/arm-none-eabi/10.3.1/../../../../arm-none-eabi/lib/thumb/v7e-m+fp/hard\libc_nano.a
LOAD c:/st/stm32cubeide_1.11.0/stm32cubeide/plugins/com.st.stm32cube.ide.mcu.externaltools.gnu-tools-for-stm32.10.3-2021.10.win32_1.0.100.202210260954/tools/bin/../lib/gcc/arm-none-eabi/10.3.1/../../../../arm-none-eabi/lib/thumb/v7e-m+fp/hard\libnosys.a
END GROUP
START GROUP
LOAD c:/st/stm32cubeide_1.11.0/stm32cubeide/plugins/com.st.stm32cube.ide.mcu.externaltools.gnu-tools-for-stm32.10.3-2021.10.win32_1.0.100.202210260954/tools/bin/../lib/gcc/arm-none-eabi/10.3.1/thumb/v7e-m+fp/hard\libgcc.a
LOAD c:/st/stm32cubeide_1.11.0/stm32cubeide/plugins/com.st.stm32cube.ide.mcu.externaltools.gnu-tools-for-stm32.10.3-2021.10.win32_1.0.100.202210260954/tools/bin/../lib/gcc/arm-none-eabi/10.3.1/../../../../arm-none-eabi/lib/thumb/v7e-m+fp/hard\libc_nano.a
LOAD c:/st/stm32cubeide_1.11.0/stm32cubeide/plugins/com.st.stm32cube.ide.mcu.externaltools.gnu-tools-for-stm32.10.3-2021.10.win32_1.0.100.202210260954/tools/bin/../lib/gcc/arm-none-eabi/10.3.1/../../../../arm-none-eabi/lib/thumb/v7e-m+fp/hard\libnosys.a
END GROUP
LOAD c:/st/stm32cubeide_1.11.0/stm32cubeide/plugins/com.st.stm32cube.ide.mcu.externaltools.gnu-tools-for-stm32.10.3-2021.10.win32_1.0.100.202210260954/tools/bin/../lib/gcc/arm-none-eabi/10.3.1/thumb/v7e-m+fp/hard/crtend.o
LOAD c:/st/stm32cubeide_1.11.0/stm32cubeide/plugins/com.st.stm32cube.ide.mcu.externaltools.gnu-tools-for-stm32.10.3-2021.10.win32_1.0.100.202210260954/tools/bin/../lib/gcc/arm-none-eabi/10.3.1/thumb/v7e-m+fp/hard/crtn.o
                0x0000000020020000                _estack = (ORIGIN (RAM) + LENGTH (RAM))
                0x0000000000000200                _Min_Heap_Size = 0x200
                0x0000000000000400                _Min_Stack_Size = 0x400

.isr_vector     0x0000000008000000      0x1a8
                0x0000000008000000                . = ALIGN (0x4)
 *(.isr_vector)
 .isr_vector    0x0000000008000000      0x1a8 ./Startup/startup_stm32f405rgtx.o
                0x0000000008000000                g_pfnVectors
                0x00000000080001a8                . = ALIGN (0x4)

.text           0x00000000080001a8      0xb60
                0x00000000080001a8                . = ALIGN (0x4)
 *(.text)
 .text          0x00000000080001a8       0x40 c:/st/stm32cubeide_1.11.0/stm32cubeide/plugins/com.st.stm32cube.ide.mcu.externaltools.gnu-tools-for-stm32.10.3-2021.10.win32_1.0.100.202210260954/tools/bin/../lib/gcc/arm-none-eabi/10.3.1/thumb/v7e-m+fp/hard/crtbegin.o
 *(.text*)
 .text.ADC_Init_PC2
                0x00000000080001e8       0x64 ./Src/ADC.o
                0x00000000080001e8                ADC_Init_PC2
 .text.__NVIC_EnableIRQ
                0x000000000800024c       0x3c ./Src/ConFig.o
 .text.Buzz_Con
                0x0000000008000288       0x3c ./Src/ConFig.o
                0x0000000008000288                Buzz_Con
 .text.LED_Con  0x00000000080002c4       0x3c ./Src/ConFig.o
                0x00000000080002c4                LED_Con
 .text.Ignition_ButtonCon
                0x0000000008000300       0x30 ./Src/ConFig.o
                0x0000000008000300                Ignition_ButtonCon
 .text.Button_Con
                0x0000000008000330       0x30 ./Src/ConFig.o
                0x0000000008000330                Button_Con
 .text.EXTI3_Con
                0x0000000008000360       0x54 ./Src/ConFig.o
                0x0000000008000360                EXTI3_Con
 .text.EXTI7415_Con
                0x00000000080003b4       0x80 ./Src/ConFig.o
                0x00000000080003b4                EXTI7415_Con
 .text.ON13     0x0000000008000434       0x20 ./Src/ConFig.o
                0x0000000008000434                ON13
 .text.OFF13    0x0000000008000454       0x20 ./Src/ConFig.o
                0x0000000008000454                OFF13
 .text.ON14     0x0000000008000474       0x20 ./Src/ConFig.o
                0x0000000008000474                ON14
 .text.OFF14    0x0000000008000494       0x20 ./Src/ConFig.o
                0x0000000008000494                OFF14
 .text.ON15     0x00000000080004b4       0x20 ./Src/ConFig.o
                0x00000000080004b4                ON15
 .text.OFF15    0x00000000080004d4       0x20 ./Src/ConFig.o
                0x00000000080004d4                OFF15
 .text.ON9      0x00000000080004f4       0x20 ./Src/ConFig.o
                0x00000000080004f4                ON9
 .text.OFF9     0x0000000008000514       0x20 ./Src/ConFig.o
                0x0000000008000514                OFF9
 .text.DelayTim5_Con
                0x0000000008000534       0x44 ./Src/ConFig.o
                0x0000000008000534                DelayTim5_Con
 .text.PWMTim3_Con
                0x0000000008000578       0x80 ./Src/HeadLight.o
                0x0000000008000578                PWMTim3_Con
 .text.GPIOC_PWM_Con
                0x00000000080005f8       0x54 ./Src/HeadLight.o
                0x00000000080005f8                GPIOC_PWM_Con
 .text.GPIOC_Output_Con
                0x000000000800064c       0x48 ./Src/HeadLight.o
                0x000000000800064c                GPIOC_Output_Con
 .text.dutycycle
                0x0000000008000694       0x34 ./Src/HeadLight.o
                0x0000000008000694                dutycycle
 .text.rightON  0x00000000080006c8       0x4c ./Src/Indicators.o
                0x00000000080006c8                rightON
 .text.leftON   0x0000000008000714       0x4c ./Src/Indicators.o
                0x0000000008000714                leftON
 .text.Parking  0x0000000008000760       0x28 ./Src/Indicators.o
                0x0000000008000760                Parking
 .text.USART3_config
                0x0000000008000788       0x90 ./Src/UART.o
                0x0000000008000788                USART3_config
 .text.USART3_sendchar
                0x0000000008000818       0x30 ./Src/UART.o
                0x0000000008000818                USART3_sendchar
 .text.USART3_receivechar
                0x0000000008000848       0x30 ./Src/UART.o
                0x0000000008000848                USART3_receivechar
 .text.__NVIC_EnableIRQ
                0x0000000008000878       0x3c ./Src/UARTCall.o
 .text.Event_Tim4USART
                0x00000000080008b4       0x50 ./Src/UARTCall.o
                0x00000000080008b4                Event_Tim4USART
 .text.__NVIC_DisableIRQ
                0x0000000008000904       0x48 ./Src/main.o
 .text.main     0x000000000800094c      0x154 ./Src/main.o
                0x000000000800094c                main
 .text.EXTI3_IRQHandler
                0x0000000008000aa0       0xa8 ./Src/main.o
                0x0000000008000aa0                EXTI3_IRQHandler
 .text.EXTI4_IRQHandler
                0x0000000008000b48       0x3c ./Src/main.o
                0x0000000008000b48                EXTI4_IRQHandler
 .text.EXTI9_5_IRQHandler
                0x0000000008000b84       0x3c ./Src/main.o
                0x0000000008000b84                EXTI9_5_IRQHandler
 .text.EXTI15_10_IRQHandler
                0x0000000008000bc0       0x38 ./Src/main.o
                0x0000000008000bc0                EXTI15_10_IRQHandler
 .text.TIM4_IRQHandler
                0x0000000008000bf8       0x30 ./Src/main.o
                0x0000000008000bf8                TIM4_IRQHandler
 .text.Delay_500ms
                0x0000000008000c28       0x2c ./Src/main.o
                0x0000000008000c28                Delay_500ms
 .text.Reset_Handler
                0x0000000008000c54       0x50 ./Startup/startup_stm32f405rgtx.o
                0x0000000008000c54                Reset_Handler
 .text.Default_Handler
                0x0000000008000ca4        0x2 ./Startup/startup_stm32f405rgtx.o
                0x0000000008000ca4                RTC_Alarm_IRQHandler
                0x0000000008000ca4                HASH_RNG_IRQHandler
                0x0000000008000ca4                EXTI2_IRQHandler
                0x0000000008000ca4                TIM8_CC_IRQHandler
                0x0000000008000ca4                DebugMon_Handler
                0x0000000008000ca4                TIM1_CC_IRQHandler
                0x0000000008000ca4                DMA2_Stream5_IRQHandler
                0x0000000008000ca4                HardFault_Handler
                0x0000000008000ca4                DMA1_Stream5_IRQHandler
                0x0000000008000ca4                SysTick_Handler
                0x0000000008000ca4                PVD_IRQHandler
                0x0000000008000ca4                SDIO_IRQHandler
                0x0000000008000ca4                TAMP_STAMP_IRQHandler
                0x0000000008000ca4                PendSV_Handler
                0x0000000008000ca4                NMI_Handler
                0x0000000008000ca4                CAN2_RX1_IRQHandler
                0x0000000008000ca4                TIM8_TRG_COM_TIM14_IRQHandler
                0x0000000008000ca4                TIM1_UP_TIM10_IRQHandler
                0x0000000008000ca4                TIM8_UP_TIM13_IRQHandler
                0x0000000008000ca4                I2C3_ER_IRQHandler
                0x0000000008000ca4                LCD_TFT_IRQHandler
                0x0000000008000ca4                EXTI0_IRQHandler
                0x0000000008000ca4                I2C2_EV_IRQHandler
                0x0000000008000ca4                DMA1_Stream2_IRQHandler
                0x0000000008000ca4                CAN1_RX0_IRQHandler
                0x0000000008000ca4                FPU_IRQHandler
                0x0000000008000ca4                OTG_HS_WKUP_IRQHandler
                0x0000000008000ca4                UsageFault_Handler
                0x0000000008000ca4                CAN2_SCE_IRQHandler
                0x0000000008000ca4                DMA2_Stream2_IRQHandler
                0x0000000008000ca4                SPI1_IRQHandler
                0x0000000008000ca4                TIM6_DAC_IRQHandler
                0x0000000008000ca4                TIM1_BRK_TIM9_IRQHandler
                0x0000000008000ca4                DCMI_IRQHandler
                0x0000000008000ca4                CAN2_RX0_IRQHandler
                0x0000000008000ca4                DMA2_Stream3_IRQHandler
                0x0000000008000ca4                USART6_IRQHandler
                0x0000000008000ca4                USART3_IRQHandler
                0x0000000008000ca4                CRYP_IRQHandler
                0x0000000008000ca4                CAN1_RX1_IRQHandler
                0x0000000008000ca4                UART5_IRQHandler
                0x0000000008000ca4                DMA2_Stream0_IRQHandler
                0x0000000008000ca4                I2C1_EV_IRQHandler
                0x0000000008000ca4                DMA1_Stream6_IRQHandler
                0x0000000008000ca4                DMA1_Stream1_IRQHandler
                0x0000000008000ca4                UART4_IRQHandler
                0x0000000008000ca4                LCD_TFT_1_IRQHandler
                0x0000000008000ca4                TIM3_IRQHandler
                0x0000000008000ca4                RCC_IRQHandler
                0x0000000008000ca4                TIM8_BRK_TIM12_IRQHandler
                0x0000000008000ca4                Default_Handler
                0x0000000008000ca4                ADC_IRQHandler
                0x0000000008000ca4                DMA1_Stream7_IRQHandler
                0x0000000008000ca4                TIM7_IRQHandler
                0x0000000008000ca4                CAN2_TX_IRQHandler
                0x0000000008000ca4                TIM5_IRQHandler
                0x0000000008000ca4                DMA2_Stream7_IRQHandler
                0x0000000008000ca4                I2C3_EV_IRQHandler
                0x0000000008000ca4                RTC_WKUP_IRQHandler
                0x0000000008000ca4                ETH_WKUP_IRQHandler
                0x0000000008000ca4                SPI2_IRQHandler
                0x0000000008000ca4                OTG_HS_EP1_IN_IRQHandler
                0x0000000008000ca4                MemManage_Handler
                0x0000000008000ca4                DMA1_Stream0_IRQHandler
                0x0000000008000ca4                CAN1_TX_IRQHandler
                0x0000000008000ca4                SVC_Handler
                0x0000000008000ca4                FSMC_IRQHandler
                0x0000000008000ca4                ETH_IRQHandler
                0x0000000008000ca4                OTG_HS_EP1_OUT_IRQHandler
                0x0000000008000ca4                WWDG_IRQHandler
                0x0000000008000ca4                TIM2_IRQHandler
                0x0000000008000ca4                OTG_FS_WKUP_IRQHandler
                0x0000000008000ca4                TIM1_TRG_COM_TIM11_IRQHandler
                0x0000000008000ca4                OTG_HS_IRQHandler
                0x0000000008000ca4                EXTI1_IRQHandler
                0x0000000008000ca4                USART2_IRQHandler
                0x0000000008000ca4                I2C2_ER_IRQHandler
                0x0000000008000ca4                DMA2_Stream1_IRQHandler
                0x0000000008000ca4                CAN1_SCE_IRQHandler
                0x0000000008000ca4                DMA2_Stream4_IRQHandler
                0x0000000008000ca4                BusFault_Handler
                0x0000000008000ca4                USART1_IRQHandler
                0x0000000008000ca4                OTG_FS_IRQHandler
                0x0000000008000ca4                SPI3_IRQHandler
                0x0000000008000ca4                DMA1_Stream4_IRQHandler
                0x0000000008000ca4                I2C1_ER_IRQHandler
                0x0000000008000ca4                DMA2_Stream6_IRQHandler
                0x0000000008000ca4                DMA1_Stream3_IRQHandler
 *fill*         0x0000000008000ca6        0x2 
 .text.__libc_init_array
                0x0000000008000ca8       0x48 c:/st/stm32cubeide_1.11.0/stm32cubeide/plugins/com.st.stm32cube.ide.mcu.externaltools.gnu-tools-for-stm32.10.3-2021.10.win32_1.0.100.202210260954/tools/bin/../lib/gcc/arm-none-eabi/10.3.1/../../../../arm-none-eabi/lib/thumb/v7e-m+fp/hard\libc_nano.a(lib_a-init.o)
                0x0000000008000ca8                __libc_init_array
 *(.glue_7)
 .glue_7        0x0000000008000cf0        0x0 linker stubs
 *(.glue_7t)
 .glue_7t       0x0000000008000cf0        0x0 linker stubs
 *(.eh_frame)
 .eh_frame      0x0000000008000cf0        0x0 c:/st/stm32cubeide_1.11.0/stm32cubeide/plugins/com.st.stm32cube.ide.mcu.externaltools.gnu-tools-for-stm32.10.3-2021.10.win32_1.0.100.202210260954/tools/bin/../lib/gcc/arm-none-eabi/10.3.1/thumb/v7e-m+fp/hard/crtbegin.o
 *(.init)
 .init          0x0000000008000cf0        0x4 c:/st/stm32cubeide_1.11.0/stm32cubeide/plugins/com.st.stm32cube.ide.mcu.externaltools.gnu-tools-for-stm32.10.3-2021.10.win32_1.0.100.202210260954/tools/bin/../lib/gcc/arm-none-eabi/10.3.1/thumb/v7e-m+fp/hard/crti.o
                0x0000000008000cf0                _init
 .init          0x0000000008000cf4        0x8 c:/st/stm32cubeide_1.11.0/stm32cubeide/plugins/com.st.stm32cube.ide.mcu.externaltools.gnu-tools-for-stm32.10.3-2021.10.win32_1.0.100.202210260954/tools/bin/../lib/gcc/arm-none-eabi/10.3.1/thumb/v7e-m+fp/hard/crtn.o
 *(.fini)
 .fini          0x0000000008000cfc        0x4 c:/st/stm32cubeide_1.11.0/stm32cubeide/plugins/com.st.stm32cube.ide.mcu.externaltools.gnu-tools-for-stm32.10.3-2021.10.win32_1.0.100.202210260954/tools/bin/../lib/gcc/arm-none-eabi/10.3.1/thumb/v7e-m+fp/hard/crti.o
                0x0000000008000cfc                _fini
 .fini          0x0000000008000d00        0x8 c:/st/stm32cubeide_1.11.0/stm32cubeide/plugins/com.st.stm32cube.ide.mcu.externaltools.gnu-tools-for-stm32.10.3-2021.10.win32_1.0.100.202210260954/tools/bin/../lib/gcc/arm-none-eabi/10.3.1/thumb/v7e-m+fp/hard/crtn.o
                0x0000000008000d08                . = ALIGN (0x4)
                0x0000000008000d08                _etext = .

.vfp11_veneer   0x0000000008000d08        0x0
 .vfp11_veneer  0x0000000008000d08        0x0 linker stubs

.v4_bx          0x0000000008000d08        0x0
 .v4_bx         0x0000000008000d08        0x0 linker stubs

.iplt           0x0000000008000d08        0x0
 .iplt          0x0000000008000d08        0x0 c:/st/stm32cubeide_1.11.0/stm32cubeide/plugins/com.st.stm32cube.ide.mcu.externaltools.gnu-tools-for-stm32.10.3-2021.10.win32_1.0.100.202210260954/tools/bin/../lib/gcc/arm-none-eabi/10.3.1/thumb/v7e-m+fp/hard/crtbegin.o

.rel.dyn        0x0000000008000d08        0x0
 .rel.iplt      0x0000000008000d08        0x0 c:/st/stm32cubeide_1.11.0/stm32cubeide/plugins/com.st.stm32cube.ide.mcu.externaltools.gnu-tools-for-stm32.10.3-2021.10.win32_1.0.100.202210260954/tools/bin/../lib/gcc/arm-none-eabi/10.3.1/thumb/v7e-m+fp/hard/crtbegin.o

.rodata         0x0000000008000d08        0x0
                0x0000000008000d08                . = ALIGN (0x4)
 *(.rodata)
 *(.rodata*)
                0x0000000008000d08                . = ALIGN (0x4)

.ARM.extab      0x0000000008000d08        0x0
                0x0000000008000d08                . = ALIGN (0x4)
 *(.ARM.extab* .gnu.linkonce.armextab.*)
                0x0000000008000d08                . = ALIGN (0x4)

.ARM            0x0000000008000d08        0x0
                0x0000000008000d08                . = ALIGN (0x4)
                0x0000000008000d08                __exidx_start = .
 *(.ARM.exidx*)
                0x0000000008000d08                __exidx_end = .
                0x0000000008000d08                . = ALIGN (0x4)

.preinit_array  0x0000000008000d08        0x0
                0x0000000008000d08                . = ALIGN (0x4)
                0x0000000008000d08                PROVIDE (__preinit_array_start = .)
 *(.preinit_array*)
                0x0000000008000d08                PROVIDE (__preinit_array_end = .)
                0x0000000008000d08                . = ALIGN (0x4)

.init_array     0x0000000008000d08        0x4
                0x0000000008000d08                . = ALIGN (0x4)
                0x0000000008000d08                PROVIDE (__init_array_start = .)
 *(SORT_BY_NAME(.init_array.*))
 *(.init_array*)
 .init_array    0x0000000008000d08        0x4 c:/st/stm32cubeide_1.11.0/stm32cubeide/plugins/com.st.stm32cube.ide.mcu.externaltools.gnu-tools-for-stm32.10.3-2021.10.win32_1.0.100.202210260954/tools/bin/../lib/gcc/arm-none-eabi/10.3.1/thumb/v7e-m+fp/hard/crtbegin.o
                0x0000000008000d0c                PROVIDE (__init_array_end = .)
                0x0000000008000d0c                . = ALIGN (0x4)

.fini_array     0x0000000008000d0c        0x4
                0x0000000008000d0c                . = ALIGN (0x4)
                [!provide]                        PROVIDE (__fini_array_start = .)
 *(SORT_BY_NAME(.fini_array.*))
 *(.fini_array*)
 .fini_array    0x0000000008000d0c        0x4 c:/st/stm32cubeide_1.11.0/stm32cubeide/plugins/com.st.stm32cube.ide.mcu.externaltools.gnu-tools-for-stm32.10.3-2021.10.win32_1.0.100.202210260954/tools/bin/../lib/gcc/arm-none-eabi/10.3.1/thumb/v7e-m+fp/hard/crtbegin.o
                [!provide]                        PROVIDE (__fini_array_end = .)
                0x0000000008000d10                . = ALIGN (0x4)
                0x0000000008000d10                _sidata = LOADADDR (.data)

.data           0x0000000020000000        0x0 load address 0x0000000008000d10
                0x0000000020000000                . = ALIGN (0x4)
                0x0000000020000000                _sdata = .
 *(.data)
 *(.data*)
 *(.RamFunc)
 *(.RamFunc*)
                0x0000000020000000                . = ALIGN (0x4)
                0x0000000020000000                _edata = .
                0x0000000008000d10                _siccmram = LOADADDR (.ccmram)

.igot.plt       0x0000000020000000        0x0 load address 0x0000000008000d10
 .igot.plt      0x0000000020000000        0x0 c:/st/stm32cubeide_1.11.0/stm32cubeide/plugins/com.st.stm32cube.ide.mcu.externaltools.gnu-tools-for-stm32.10.3-2021.10.win32_1.0.100.202210260954/tools/bin/../lib/gcc/arm-none-eabi/10.3.1/thumb/v7e-m+fp/hard/crtbegin.o

.ccmram         0x0000000010000000        0x0 load address 0x0000000008000d10
                0x0000000010000000                . = ALIGN (0x4)
                0x0000000010000000                _sccmram = .
 *(.ccmram)
 *(.ccmram*)
                0x0000000010000000                . = ALIGN (0x4)
                0x0000000010000000                _eccmram = .
                0x0000000010000000                . = ALIGN (0x4)

.bss            0x0000000020000000       0x38
                0x0000000020000000                _sbss = .
                0x0000000020000000                __bss_start__ = _sbss
 *(.bss)
 .bss           0x0000000020000000       0x1c c:/st/stm32cubeide_1.11.0/stm32cubeide/plugins/com.st.stm32cube.ide.mcu.externaltools.gnu-tools-for-stm32.10.3-2021.10.win32_1.0.100.202210260954/tools/bin/../lib/gcc/arm-none-eabi/10.3.1/thumb/v7e-m+fp/hard/crtbegin.o
 *(.bss*)
 .bss.count     0x000000002000001c        0x4 ./Src/main.o
                0x000000002000001c                count
 .bss.right     0x0000000020000020        0x4 ./Src/main.o
                0x0000000020000020                right
 .bss.left      0x0000000020000024        0x4 ./Src/main.o
                0x0000000020000024                left
 .bss.head      0x0000000020000028        0x4 ./Src/main.o
                0x0000000020000028                head
 .bss.Fuel      0x000000002000002c        0x4 ./Src/main.o
                0x000000002000002c                Fuel
 .bss.Dummy     0x0000000020000030        0x4 ./Src/main.o
                0x0000000020000030                Dummy
 .bss.rx_data   0x0000000020000034        0x1 ./Src/main.o
                0x0000000020000034                rx_data
 *(COMMON)
                0x0000000020000038                . = ALIGN (0x4)
 *fill*         0x0000000020000035        0x3 
                0x0000000020000038                _ebss = .
                0x0000000020000038                __bss_end__ = _ebss

._user_heap_stack
                0x0000000020000038      0x600
                0x0000000020000038                . = ALIGN (0x8)
                [!provide]                        PROVIDE (end = .)
                0x0000000020000038                PROVIDE (_end = .)
                0x0000000020000238                . = (. + _Min_Heap_Size)
 *fill*         0x0000000020000038      0x200 
                0x0000000020000638                . = (. + _Min_Stack_Size)
 *fill*         0x0000000020000238      0x400 
                0x0000000020000638                . = ALIGN (0x8)

/DISCARD/
 libc.a(*)
 libm.a(*)
 libgcc.a(*)

.ARM.attributes
                0x0000000000000000       0x30
 *(.ARM.attributes)
 .ARM.attributes
                0x0000000000000000       0x1e c:/st/stm32cubeide_1.11.0/stm32cubeide/plugins/com.st.stm32cube.ide.mcu.externaltools.gnu-tools-for-stm32.10.3-2021.10.win32_1.0.100.202210260954/tools/bin/../lib/gcc/arm-none-eabi/10.3.1/thumb/v7e-m+fp/hard/crti.o
 .ARM.attributes
                0x000000000000001e       0x34 c:/st/stm32cubeide_1.11.0/stm32cubeide/plugins/com.st.stm32cube.ide.mcu.externaltools.gnu-tools-for-stm32.10.3-2021.10.win32_1.0.100.202210260954/tools/bin/../lib/gcc/arm-none-eabi/10.3.1/thumb/v7e-m+fp/hard/crtbegin.o
 .ARM.attributes
                0x0000000000000052       0x34 ./Src/ADC.o
 .ARM.attributes
                0x0000000000000086       0x34 ./Src/ConFig.o
 .ARM.attributes
                0x00000000000000ba       0x34 ./Src/HeadLight.o
 .ARM.attributes
                0x00000000000000ee       0x34 ./Src/Indicators.o
 .ARM.attributes
                0x0000000000000122       0x34 ./Src/UART.o
 .ARM.attributes
                0x0000000000000156       0x34 ./Src/UARTCall.o
 .ARM.attributes
                0x000000000000018a       0x34 ./Src/main.o
 .ARM.attributes
                0x00000000000001be       0x21 ./Startup/startup_stm32f405rgtx.o
 .ARM.attributes
                0x00000000000001df       0x34 c:/st/stm32cubeide_1.11.0/stm32cubeide/plugins/com.st.stm32cube.ide.mcu.externaltools.gnu-tools-for-stm32.10.3-2021.10.win32_1.0.100.202210260954/tools/bin/../lib/gcc/arm-none-eabi/10.3.1/../../../../arm-none-eabi/lib/thumb/v7e-m+fp/hard\libc_nano.a(lib_a-init.o)
 .ARM.attributes
                0x0000000000000213       0x1e c:/st/stm32cubeide_1.11.0/stm32cubeide/plugins/com.st.stm32cube.ide.mcu.externaltools.gnu-tools-for-stm32.10.3-2021.10.win32_1.0.100.202210260954/tools/bin/../lib/gcc/arm-none-eabi/10.3.1/thumb/v7e-m+fp/hard/crtn.o
OUTPUT(Ravi_Teja_RQ1.elf elf32-littlearm)
LOAD linker stubs
LOAD c:/st/stm32cubeide_1.11.0/stm32cubeide/plugins/com.st.stm32cube.ide.mcu.externaltools.gnu-tools-for-stm32.10.3-2021.10.win32_1.0.100.202210260954/tools/bin/../lib/gcc/arm-none-eabi/10.3.1/../../../../arm-none-eabi/lib/thumb/v7e-m+fp/hard\libc.a
LOAD c:/st/stm32cubeide_1.11.0/stm32cubeide/plugins/com.st.stm32cube.ide.mcu.externaltools.gnu-tools-for-stm32.10.3-2021.10.win32_1.0.100.202210260954/tools/bin/../lib/gcc/arm-none-eabi/10.3.1/../../../../arm-none-eabi/lib/thumb/v7e-m+fp/hard\libm.a
LOAD c:/st/stm32cubeide_1.11.0/stm32cubeide/plugins/com.st.stm32cube.ide.mcu.externaltools.gnu-tools-for-stm32.10.3-2021.10.win32_1.0.100.202210260954/tools/bin/../lib/gcc/arm-none-eabi/10.3.1/thumb/v7e-m+fp/hard\libgcc.a

.debug_info     0x0000000000000000     0x2916
 .debug_info    0x0000000000000000      0x42d ./Src/ADC.o
 .debug_info    0x000000000000042d      0xa35 ./Src/ConFig.o
 .debug_info    0x0000000000000e62      0x49b ./Src/HeadLight.o
 .debug_info    0x00000000000012fd      0x172 ./Src/Indicators.o
 .debug_info    0x000000000000146f      0x3ee ./Src/UART.o
 .debug_info    0x000000000000185d      0x750 ./Src/UARTCall.o
 .debug_info    0x0000000000001fad      0x947 ./Src/main.o
 .debug_info    0x00000000000028f4       0x22 ./Startup/startup_stm32f405rgtx.o

.debug_abbrev   0x0000000000000000      0x8a8
 .debug_abbrev  0x0000000000000000       0xe0 ./Src/ADC.o
 .debug_abbrev  0x00000000000000e0      0x18b ./Src/ConFig.o
 .debug_abbrev  0x000000000000026b       0xf4 ./Src/HeadLight.o
 .debug_abbrev  0x000000000000035f       0xc7 ./Src/Indicators.o
 .debug_abbrev  0x0000000000000426      0x107 ./Src/UART.o
 .debug_abbrev  0x000000000000052d      0x137 ./Src/UARTCall.o
 .debug_abbrev  0x0000000000000664      0x232 ./Src/main.o
 .debug_abbrev  0x0000000000000896       0x12 ./Startup/startup_stm32f405rgtx.o

.debug_aranges  0x0000000000000000      0x1f8
 .debug_aranges
                0x0000000000000000       0x20 ./Src/ADC.o
 .debug_aranges
                0x0000000000000020       0x98 ./Src/ConFig.o
 .debug_aranges
                0x00000000000000b8       0x38 ./Src/HeadLight.o
 .debug_aranges
                0x00000000000000f0       0x30 ./Src/Indicators.o
 .debug_aranges
                0x0000000000000120       0x30 ./Src/UART.o
 .debug_aranges
                0x0000000000000150       0x28 ./Src/UARTCall.o
 .debug_aranges
                0x0000000000000178       0x58 ./Src/main.o
 .debug_aranges
                0x00000000000001d0       0x28 ./Startup/startup_stm32f405rgtx.o

.debug_ranges   0x0000000000000000      0x180
 .debug_ranges  0x0000000000000000       0x10 ./Src/ADC.o
 .debug_ranges  0x0000000000000010       0x88 ./Src/ConFig.o
 .debug_ranges  0x0000000000000098       0x28 ./Src/HeadLight.o
 .debug_ranges  0x00000000000000c0       0x20 ./Src/Indicators.o
 .debug_ranges  0x00000000000000e0       0x20 ./Src/UART.o
 .debug_ranges  0x0000000000000100       0x18 ./Src/UARTCall.o
 .debug_ranges  0x0000000000000118       0x48 ./Src/main.o
 .debug_ranges  0x0000000000000160       0x20 ./Startup/startup_stm32f405rgtx.o

.debug_macro    0x0000000000000000    0x16a1b
 .debug_macro   0x0000000000000000       0xce ./Src/ADC.o
 .debug_macro   0x00000000000000ce      0xa7e ./Src/ADC.o
 .debug_macro   0x0000000000000b4c       0x2e ./Src/ADC.o
 .debug_macro   0x0000000000000b7a       0x2f ./Src/ADC.o
 .debug_macro   0x0000000000000ba9       0x22 ./Src/ADC.o
 .debug_macro   0x0000000000000bcb       0x8e ./Src/ADC.o
 .debug_macro   0x0000000000000c59       0x51 ./Src/ADC.o
 .debug_macro   0x0000000000000caa      0x103 ./Src/ADC.o
 .debug_macro   0x0000000000000dad       0x6a ./Src/ADC.o
 .debug_macro   0x0000000000000e17      0x1df ./Src/ADC.o
 .debug_macro   0x0000000000000ff6       0x1c ./Src/ADC.o
 .debug_macro   0x0000000000001012       0x22 ./Src/ADC.o
 .debug_macro   0x0000000000001034       0xd9 ./Src/ADC.o
 .debug_macro   0x000000000000110d     0x102d ./Src/ADC.o
 .debug_macro   0x000000000000213a      0x11f ./Src/ADC.o
 .debug_macro   0x0000000000002259    0x1426d ./Src/ADC.o
 .debug_macro   0x00000000000164c6       0x6d ./Src/ADC.o
 .debug_macro   0x0000000000016533       0xce ./Src/ConFig.o
 .debug_macro   0x0000000000016601       0xce ./Src/HeadLight.o
 .debug_macro   0x00000000000166cf       0xd8 ./Src/Indicators.o
 .debug_macro   0x00000000000167a7       0xce ./Src/UART.o
 .debug_macro   0x0000000000016875       0xce ./Src/UARTCall.o
 .debug_macro   0x0000000000016943       0xd8 ./Src/main.o

.debug_line     0x0000000000000000     0x26b4
 .debug_line    0x0000000000000000      0x488 ./Src/ADC.o
 .debug_line    0x0000000000000488      0x67f ./Src/ConFig.o
 .debug_line    0x0000000000000b07      0x4f4 ./Src/HeadLight.o
 .debug_line    0x0000000000000ffb      0x53b ./Src/Indicators.o
 .debug_line    0x0000000000001536      0x4ef ./Src/UART.o
 .debug_line    0x0000000000001a25      0x4c2 ./Src/UARTCall.o
 .debug_line    0x0000000000001ee7      0x749 ./Src/main.o
 .debug_line    0x0000000000002630       0x84 ./Startup/startup_stm32f405rgtx.o

.debug_str      0x0000000000000000    0x7e7b5
 .debug_str     0x0000000000000000    0x7df99 ./Src/ADC.o
                                      0x7e102 (size before relaxing)
 .debug_str     0x000000000007df99      0x63c ./Src/ConFig.o
                                      0x7e705 (size before relaxing)
 .debug_str     0x000000000007e5d5       0x53 ./Src/HeadLight.o
                                      0x7e128 (size before relaxing)
 .debug_str     0x000000000007e628       0x46 ./Src/Indicators.o
                                      0x7dfaf (size before relaxing)
 .debug_str     0x000000000007e66e       0x5a ./Src/UART.o
                                      0x7e0fc (size before relaxing)
 .debug_str     0x000000000007e6c8       0x22 ./Src/UARTCall.o
                                      0x7e607 (size before relaxing)
 .debug_str     0x000000000007e6ea       0x9a ./Src/main.o
                                      0x7e747 (size before relaxing)
 .debug_str     0x000000000007e784       0x31 ./Startup/startup_stm32f405rgtx.o
                                         0x62 (size before relaxing)

.comment        0x0000000000000000       0x50
 .comment       0x0000000000000000       0x50 ./Src/ADC.o
                                         0x51 (size before relaxing)
 .comment       0x0000000000000050       0x51 ./Src/ConFig.o
 .comment       0x0000000000000050       0x51 ./Src/HeadLight.o
 .comment       0x0000000000000050       0x51 ./Src/Indicators.o
 .comment       0x0000000000000050       0x51 ./Src/UART.o
 .comment       0x0000000000000050       0x51 ./Src/UARTCall.o
 .comment       0x0000000000000050       0x51 ./Src/main.o

.debug_frame    0x0000000000000000      0x54c
 .debug_frame   0x0000000000000000       0x30 ./Src/ADC.o
 .debug_frame   0x0000000000000030      0x210 ./Src/ConFig.o
 .debug_frame   0x0000000000000240       0x98 ./Src/HeadLight.o
 .debug_frame   0x00000000000002d8       0x74 ./Src/Indicators.o
 .debug_frame   0x000000000000034c       0x78 ./Src/UART.o
 .debug_frame   0x00000000000003c4       0x54 ./Src/UARTCall.o
 .debug_frame   0x0000000000000418      0x108 ./Src/main.o
 .debug_frame   0x0000000000000520       0x2c c:/st/stm32cubeide_1.11.0/stm32cubeide/plugins/com.st.stm32cube.ide.mcu.externaltools.gnu-tools-for-stm32.10.3-2021.10.win32_1.0.100.202210260954/tools/bin/../lib/gcc/arm-none-eabi/10.3.1/../../../../arm-none-eabi/lib/thumb/v7e-m+fp/hard\libc_nano.a(lib_a-init.o)
